// Vitest Snapshot v1, https://vitest.dev/guide/snapshot.html

exports[`MeetingDetail — loaded state > matches snapshot in loaded state 1`] = `
<DocumentFragment>
  <div
    class="border-t p-6"
  >
    <form
      class="flex flex-col gap-4"
    >
      <div
        class="grid gap-4 sm:grid-cols-2"
      >
        <div
          class="grid gap-2"
        >
          <div
            class="flex items-baseline gap-0.5"
          >
            <label
              class="flex select-none items-center gap-2 text-sm font-medium leading-none peer-disabled:cursor-not-allowed peer-disabled:opacity-50 group-data-[disabled=true]:pointer-events-none group-data-[disabled=true]:opacity-50"
              data-slot="label"
              for="edit-date-meeting-1"
            >
              Date
            </label>
            <span
              aria-hidden="true"
              class="leading-none text-destructive"
            >
              *
            </span>
          </div>
          <input
            class="shadow-xs h-9 w-full min-w-0 rounded-md border border-input bg-transparent px-3 py-1 text-base outline-none transition-[color,box-shadow] selection:bg-primary selection:text-primary-foreground file:inline-flex file:h-7 file:border-0 file:bg-transparent file:text-sm file:font-medium file:text-foreground placeholder:text-muted-foreground disabled:pointer-events-none disabled:cursor-not-allowed disabled:opacity-50 dark:bg-input/30 md:text-sm focus-visible:border-ring focus-visible:ring-[3px] focus-visible:ring-ring/50 aria-invalid:border-destructive aria-invalid:ring-destructive/20 dark:aria-invalid:ring-destructive/40 read-only:cursor-default read-only:bg-muted read-only:caret-transparent read-only:focus-visible:ring-0"
            data-slot="input"
            id="edit-date-meeting-1"
            type="date"
            value="2099-06-01"
          />
        </div>
        <div
          class="grid gap-2"
        >
          <div
            class="flex items-baseline gap-0.5"
          >
            <label
              class="flex select-none items-center gap-2 text-sm font-medium leading-none peer-disabled:cursor-not-allowed peer-disabled:opacity-50 group-data-[disabled=true]:pointer-events-none group-data-[disabled=true]:opacity-50"
              data-slot="label"
              for="edit-time-meeting-1"
            >
              Time
            </label>
            <span
              class="min-w-0 truncate text-xs italic leading-none text-muted-foreground"
            >
              Coordinated Universal Time/GMT+0
            </span>
          </div>
          <input
            class="shadow-xs h-9 w-full min-w-0 rounded-md border border-input px-3 py-1 text-base outline-none transition-[color,box-shadow] selection:bg-primary selection:text-primary-foreground file:inline-flex file:h-7 file:border-0 file:bg-transparent file:text-sm file:font-medium file:text-foreground placeholder:text-muted-foreground disabled:pointer-events-none disabled:cursor-not-allowed disabled:opacity-50 dark:bg-input/30 md:text-sm focus-visible:border-ring focus-visible:ring-[3px] focus-visible:ring-ring/50 aria-invalid:border-destructive aria-invalid:ring-destructive/20 dark:aria-invalid:ring-destructive/40 read-only:cursor-default read-only:bg-muted read-only:caret-transparent read-only:focus-visible:ring-0 appearance-none bg-background [&::-webkit-calendar-picker-indicator]:hidden [&::-webkit-calendar-picker-indicator]:appearance-none"
            data-slot="input"
            id="edit-time-meeting-1"
            type="time"
            value=""
          />
        </div>
        <div
          class="grid gap-2 sm:col-span-2"
        >
          <div
            class="flex items-baseline gap-0.5"
          >
            <label
              class="flex select-none items-center gap-2 text-sm font-medium leading-none peer-disabled:cursor-not-allowed peer-disabled:opacity-50 group-data-[disabled=true]:pointer-events-none group-data-[disabled=true]:opacity-50"
              data-slot="label"
              for="edit-rep-meeting-1"
            >
              Member of Congress
            </label>
            <span
              aria-hidden="true"
              class="leading-none text-destructive"
            >
              *
            </span>
          </div>
          <div
            class="relative"
          >
            <div
              class="relative"
            >
              <input
                aria-controls="edit-rep-meeting-1-listbox"
                aria-expanded="false"
                aria-haspopup="listbox"
                class="flex h-9 w-full rounded-md border border-input bg-transparent px-3 py-2 pr-8 text-sm shadow-sm placeholder:text-muted-foreground focus:outline-none focus:ring-1 focus:ring-ring disabled:cursor-not-allowed disabled:opacity-50"
                id="edit-rep-meeting-1"
                role="combobox"
                type="text"
                value=""
              />
              <svg
                aria-hidden="true"
                class="lucide lucide-chevrons-up-down pointer-events-none absolute right-2.5 top-1/2 h-4 w-4 shrink-0 -translate-y-1/2 opacity-50"
                fill="none"
                height="24"
                stroke="currentColor"
                stroke-linecap="round"
                stroke-linejoin="round"
                stroke-width="2"
                viewBox="0 0 24 24"
                width="24"
                xmlns="http://www.w3.org/2000/svg"
              >
                <path
                  d="m7 15 5 5 5-5"
                />
                <path
                  d="m7 9 5-5 5 5"
                />
              </svg>
            </div>
          </div>
        </div>
        <div
          class="grid gap-2 sm:col-span-2"
        >
          <label
            class="flex select-none items-center gap-2 text-sm font-medium leading-none peer-disabled:cursor-not-allowed peer-disabled:opacity-50 group-data-[disabled=true]:pointer-events-none group-data-[disabled=true]:opacity-50"
            data-slot="label"
            for="edit-contact-meeting-1"
          >
            Congressional Contact
          </label>
          <div
            class="relative"
          >
            <select
              class="flex h-9 w-full appearance-none rounded-md border border-input bg-transparent px-3 py-1 pr-8 text-base shadow-sm transition-colors focus-visible:outline-none focus-visible:ring-1 focus-visible:ring-ring disabled:cursor-not-allowed disabled:bg-muted disabled:opacity-50 md:text-sm"
              id="edit-contact-meeting-1"
            >
              <option
                value=""
              >
                — Meeting with representative directly —
              </option>
            </select>
            <svg
              aria-hidden="true"
              class="lucide lucide-chevron-down pointer-events-none absolute right-2.5 top-1/2 h-4 w-4 -translate-y-1/2 text-muted-foreground"
              fill="none"
              height="24"
              stroke="currentColor"
              stroke-linecap="round"
              stroke-linejoin="round"
              stroke-width="2"
              viewBox="0 0 24 24"
              width="24"
              xmlns="http://www.w3.org/2000/svg"
            >
              <path
                d="m6 9 6 6 6-6"
              />
            </svg>
          </div>
        </div>
        <div
          class="grid gap-2 sm:col-span-2"
        >
          <label
            class="flex select-none items-center gap-2 text-sm font-medium leading-none peer-disabled:cursor-not-allowed peer-disabled:opacity-50 group-data-[disabled=true]:pointer-events-none group-data-[disabled=true]:opacity-50"
            data-slot="label"
            for="edit-team-meeting-1"
          >
            Primary PIH Team
          </label>
          <div
            class="relative"
          >
            <div
              class="relative"
            >
              <input
                aria-controls="edit-team-meeting-1-listbox"
                aria-expanded="false"
                aria-haspopup="listbox"
                class="flex h-9 w-full rounded-md border border-input bg-transparent px-3 py-2 pr-8 text-sm shadow-sm placeholder:text-muted-foreground focus:outline-none focus:ring-1 focus:ring-ring disabled:cursor-not-allowed disabled:opacity-50"
                id="edit-team-meeting-1"
                placeholder="— None —"
                role="combobox"
                type="text"
                value=""
              />
              <svg
                aria-hidden="true"
                class="lucide lucide-chevrons-up-down pointer-events-none absolute right-2.5 top-1/2 h-4 w-4 shrink-0 -translate-y-1/2 opacity-50"
                fill="none"
                height="24"
                stroke="currentColor"
                stroke-linecap="round"
                stroke-linejoin="round"
                stroke-width="2"
                viewBox="0 0 24 24"
                width="24"
                xmlns="http://www.w3.org/2000/svg"
              >
                <path
                  d="m7 15 5 5 5-5"
                />
                <path
                  d="m7 9 5-5 5 5"
                />
              </svg>
            </div>
          </div>
        </div>
        <div
          class="grid gap-2 sm:col-span-2"
        >
          <label
            class="flex select-none items-center gap-2 text-sm font-medium leading-none peer-disabled:cursor-not-allowed peer-disabled:opacity-50 group-data-[disabled=true]:pointer-events-none group-data-[disabled=true]:opacity-50"
            data-slot="label"
            for="edit-location-meeting-1"
          >
            Location
          </label>
          <input
            class="shadow-xs h-9 w-full min-w-0 rounded-md border border-input bg-transparent px-3 py-1 text-base outline-none transition-[color,box-shadow] selection:bg-primary selection:text-primary-foreground file:inline-flex file:h-7 file:border-0 file:bg-transparent file:text-sm file:font-medium file:text-foreground placeholder:text-muted-foreground disabled:pointer-events-none disabled:cursor-not-allowed disabled:opacity-50 dark:bg-input/30 md:text-sm focus-visible:border-ring focus-visible:ring-[3px] focus-visible:ring-ring/50 aria-invalid:border-destructive aria-invalid:ring-destructive/20 dark:aria-invalid:ring-destructive/40 read-only:cursor-default read-only:bg-muted read-only:caret-transparent read-only:focus-visible:ring-0"
            data-slot="input"
            id="edit-location-meeting-1"
            placeholder="e.g. 'Meeting Room 1, State House', or 'Virtual'"
            value="DC"
          />
        </div>
        <div
          class="grid gap-2 sm:col-span-2"
        >
          <div
            class="flex items-baseline justify-between"
          >
            <label
              class="flex select-none items-center gap-2 text-sm font-medium leading-none peer-disabled:cursor-not-allowed peer-disabled:opacity-50 group-data-[disabled=true]:pointer-events-none group-data-[disabled=true]:opacity-50"
              data-slot="label"
              for="edit-notes-meeting-1"
            >
              Notes
            </label>
            <span
              class="text-xs text-muted-foreground"
            >
              10/255
            </span>
          </div>
          <textarea
            aria-label="Notes"
            class="flex w-full rounded-md border border-input bg-transparent px-3 py-2 text-sm shadow-sm placeholder:text-muted-foreground focus-visible:outline-none focus-visible:ring-1 focus-visible:ring-ring disabled:cursor-not-allowed disabled:opacity-50 min-h-[72px] resize-none"
            id="edit-notes-meeting-1"
            rows="3"
          >
            Test notes
          </textarea>
        </div>
        <div
          class="grid gap-2"
        >
          <label
            class="flex select-none items-center gap-2 text-sm font-medium leading-none peer-disabled:cursor-not-allowed peer-disabled:opacity-50 group-data-[disabled=true]:pointer-events-none group-data-[disabled=true]:opacity-50"
            data-slot="label"
            for="edit-followup-meeting-1"
          >
            Follow-up Date
          </label>
          <input
            class="shadow-xs h-9 w-full min-w-0 rounded-md border border-input bg-transparent px-3 py-1 text-base outline-none transition-[color,box-shadow] selection:bg-primary selection:text-primary-foreground file:inline-flex file:h-7 file:border-0 file:bg-transparent file:text-sm file:font-medium file:text-foreground placeholder:text-muted-foreground disabled:pointer-events-none disabled:cursor-not-allowed disabled:opacity-50 dark:bg-input/30 md:text-sm focus-visible:border-ring focus-visible:ring-[3px] focus-visible:ring-ring/50 aria-invalid:border-destructive aria-invalid:ring-destructive/20 dark:aria-invalid:ring-destructive/40 read-only:cursor-default read-only:bg-muted read-only:caret-transparent read-only:focus-visible:ring-0"
            data-slot="input"
            id="edit-followup-meeting-1"
            type="date"
            value=""
          />
        </div>
        <div
          class="grid gap-2"
        >
          <label
            class="flex select-none items-center gap-2 text-sm font-medium leading-none peer-disabled:cursor-not-allowed peer-disabled:opacity-50 group-data-[disabled=true]:pointer-events-none group-data-[disabled=true]:opacity-50"
            data-slot="label"
            for="edit-champion-meeting-1"
          >
            Champion Score (0–5)
          </label>
          <input
            class="shadow-xs h-9 w-full min-w-0 rounded-md border border-input bg-transparent px-3 py-1 text-base outline-none transition-[color,box-shadow] selection:bg-primary selection:text-primary-foreground file:inline-flex file:h-7 file:border-0 file:bg-transparent file:text-sm file:font-medium file:text-foreground placeholder:text-muted-foreground disabled:pointer-events-none disabled:cursor-not-allowed disabled:opacity-50 dark:bg-input/30 md:text-sm focus-visible:border-ring focus-visible:ring-[3px] focus-visible:ring-ring/50 aria-invalid:border-destructive aria-invalid:ring-destructive/20 dark:aria-invalid:ring-destructive/40 read-only:cursor-default read-only:bg-muted read-only:caret-transparent read-only:focus-visible:ring-0"
            data-slot="input"
            id="edit-champion-meeting-1"
            placeholder="—"
            type="number"
            value=""
          />
        </div>
      </div>
      <div
        class="flex flex-col gap-2"
      >
        <div
          class="flex items-center justify-between"
        >
          <span
            class="text-sm font-medium"
          >
            Links
          </span>
          <button
            class="inline-flex shrink-0 items-center justify-center font-medium whitespace-nowrap transition-all outline-none focus-visible:border-ring focus-visible:ring-[3px] focus-visible:ring-ring/50 disabled:pointer-events-none disabled:opacity-50 aria-invalid:border-destructive aria-invalid:ring-destructive/20 dark:aria-invalid:ring-destructive/40 [&_svg]:pointer-events-none [&_svg]:shrink-0 [&_svg:not([class*='size-'])]:size-4 border bg-background shadow-xs hover:bg-accent hover:text-accent-foreground dark:border-input dark:bg-input/30 dark:hover:bg-input/50 h-8 gap-1.5 rounded-md px-3 text-xs has-[>svg]:px-2.5"
            data-size="sm"
            data-slot="button"
            data-variant="outline"
            type="button"
          >
            <svg
              aria-hidden="true"
              class="lucide lucide-plus h-4 w-4"
              fill="none"
              height="24"
              stroke="currentColor"
              stroke-linecap="round"
              stroke-linejoin="round"
              stroke-width="2"
              viewBox="0 0 24 24"
              width="24"
              xmlns="http://www.w3.org/2000/svg"
            >
              <path
                d="M5 12h14"
              />
              <path
                d="M12 5v14"
              />
            </svg>
            Add link
          </button>
        </div>
        <div
          class="flex gap-2"
        >
          <input
            aria-label="Link 1 label"
            class="shadow-xs h-9 w-full min-w-0 rounded-md border border-input bg-transparent px-3 py-1 text-base outline-none transition-[color,box-shadow] selection:bg-primary selection:text-primary-foreground file:inline-flex file:h-7 file:border-0 file:bg-transparent file:text-sm file:font-medium file:text-foreground placeholder:text-muted-foreground disabled:pointer-events-none disabled:cursor-not-allowed disabled:opacity-50 dark:bg-input/30 md:text-sm focus-visible:border-ring focus-visible:ring-[3px] focus-visible:ring-ring/50 aria-invalid:border-destructive aria-invalid:ring-destructive/20 dark:aria-invalid:ring-destructive/40 read-only:cursor-default read-only:bg-muted read-only:caret-transparent read-only:focus-visible:ring-0 flex-1"
            data-slot="input"
            placeholder="Label"
            value="Agenda"
          />
          <input
            aria-label="Link 1 URL"
            class="shadow-xs h-9 w-full min-w-0 rounded-md border border-input bg-transparent px-3 py-1 text-base outline-none transition-[color,box-shadow] selection:bg-primary selection:text-primary-foreground file:inline-flex file:h-7 file:border-0 file:bg-transparent file:text-sm file:font-medium file:text-foreground placeholder:text-muted-foreground disabled:pointer-events-none disabled:cursor-not-allowed disabled:opacity-50 dark:bg-input/30 md:text-sm focus-visible:border-ring focus-visible:ring-[3px] focus-visible:ring-ring/50 aria-invalid:border-destructive aria-invalid:ring-destructive/20 dark:aria-invalid:ring-destructive/40 read-only:cursor-default read-only:bg-muted read-only:caret-transparent read-only:focus-visible:ring-0 flex-1"
            data-slot="input"
            placeholder="https://…"
            value="https://example.com"
          />
          <button
            aria-label="Remove link 1"
            class="inline-flex shrink-0 items-center justify-center gap-2 rounded-md text-sm font-medium whitespace-nowrap transition-all outline-none focus-visible:border-ring focus-visible:ring-[3px] focus-visible:ring-ring/50 disabled:pointer-events-none disabled:opacity-50 aria-invalid:border-destructive aria-invalid:ring-destructive/20 dark:aria-invalid:ring-destructive/40 [&_svg]:pointer-events-none [&_svg]:shrink-0 [&_svg:not([class*='size-'])]:size-4 hover:bg-accent hover:text-accent-foreground dark:hover:bg-accent/50 size-9"
            data-size="icon"
            data-slot="button"
            data-variant="ghost"
            type="button"
          >
            <svg
              aria-hidden="true"
              class="lucide lucide-trash2 lucide-trash-2 h-4 w-4"
              fill="none"
              height="24"
              stroke="currentColor"
              stroke-linecap="round"
              stroke-linejoin="round"
              stroke-width="2"
              viewBox="0 0 24 24"
              width="24"
              xmlns="http://www.w3.org/2000/svg"
            >
              <path
                d="M3 6h18"
              />
              <path
                d="M19 6v14c0 1-1 2-2 2H7c-1 0-2-1-2-2V6"
              />
              <path
                d="M8 6V4c0-1 1-2 2-2h4c1 0 2 1 2 2v2"
              />
              <line
                x1="10"
                x2="10"
                y1="11"
                y2="17"
              />
              <line
                x1="14"
                x2="14"
                y1="11"
                y2="17"
              />
            </svg>
          </button>
        </div>
      </div>
      <div
        class="flex gap-2"
      >
        <button
          class="inline-flex shrink-0 items-center justify-center gap-2 rounded-md text-sm font-medium whitespace-nowrap transition-all outline-none focus-visible:border-ring focus-visible:ring-[3px] focus-visible:ring-ring/50 disabled:pointer-events-none disabled:opacity-50 aria-invalid:border-destructive aria-invalid:ring-destructive/20 dark:aria-invalid:ring-destructive/40 [&_svg]:pointer-events-none [&_svg]:shrink-0 [&_svg:not([class*='size-'])]:size-4 bg-primary text-primary-foreground hover:bg-primary/90 h-9 px-4 py-2 has-[>svg]:px-3"
          data-size="default"
          data-slot="button"
          data-variant="default"
          type="submit"
        >
          Save changes
        </button>
        <button
          class="inline-flex shrink-0 items-center justify-center gap-2 rounded-md text-sm font-medium whitespace-nowrap transition-all outline-none focus-visible:border-ring focus-visible:ring-[3px] focus-visible:ring-ring/50 disabled:pointer-events-none disabled:opacity-50 aria-invalid:border-destructive aria-invalid:ring-destructive/20 dark:aria-invalid:ring-destructive/40 [&_svg]:pointer-events-none [&_svg]:shrink-0 [&_svg:not([class*='size-'])]:size-4 border bg-background shadow-xs hover:bg-accent hover:text-accent-foreground dark:border-input dark:bg-input/30 dark:hover:bg-input/50 h-9 px-4 py-2 has-[>svg]:px-3"
          data-size="default"
          data-slot="button"
          data-variant="outline"
          type="button"
        >
          Cancel
        </button>
      </div>
    </form>
  </div>
</DocumentFragment>
`;

exports[`MeetingDetail — loading state > matches snapshot in loading state 1`] = `
<DocumentFragment>
  <div
    class="p-6"
  >
    <p
      class="text-muted-foreground"
      role="status"
    >
      Loading meeting details…
    </p>
  </div>
</DocumentFragment>
`;
